
The following have been reloaded with a version change:
  1) GLib/2.54.3 => GLib/2.64.1     2) cairo/1.14.12 => cairo/1.16.0


R version 4.1.2 (2021-11-01) -- "Bird Hippie"
Copyright (C) 2021 The R Foundation for Statistical Computing
Platform: x86_64-pc-linux-gnu (64-bit)

R is free software and comes with ABSOLUTELY NO WARRANTY.
You are welcome to redistribute it under certain conditions.
Type 'license()' or 'licence()' for distribution details.

  Natural language support but running in an English locale

R is a collaborative project with many contributors.
Type 'contributors()' for more information and
'citation()' on how to cite R or R packages in publications.

Type 'demo()' for some demos, 'help()' for on-line help, or
'help.start()' for an HTML browser interface to help.
Type 'q()' to quit R.

> .libPaths(c("/hpcfs/users/a1666761/R_Packages", .libPaths()))
> 
> library(tximport)
> library(readr)
> library(magrittr)
> library(tibble)
> 
> tx2gene <- read_csv("/hpcfs/users/a1666761/Refs/ref_annotations/tx2gene_grch38_103.csv.gz")
Rows: 257222 Columns: 2
── Column specification ────────────────────────────────────────────────────────
Delimiter: ","
chr (2): tx_id_version, gene_id

ℹ Use `spec()` to retrieve the full column specification for this data.
ℹ Specify the column types or set `show_col_types = FALSE` to quiet this message.
> 
> basedir <- "/hpcfs/users/a1666761/290921_trophoblast_dtu/data/quant/star_salmon_quant"
> 
> sa_files <- paste0(basedir, "/", list.files(basedir), "/quant.sf")
> 
> names(sa_files) <- list.files(basedir)
> 
> transCounts_sa <- tximport(sa_files,
+                            type = "salmon",
+                            txOut = FALSE,
+ 			   tx2gene = tx2gene,
+                            countsFromAbundance = "scaledTPM")
Warning: ‘timedatectl’ indicates the non-existent timezone name ‘n/a’
Warning: Your system is mis-configured: ‘/etc/localtime’ is not a symlink
Warning: It is strongly recommended to set envionment variable TZ to ‘Australia/Adelaide’ (or equivalent)
reading in files with read_tsv
1 2 3 4 5 6 7 8 
Error in .local(object, ...) : 
  None of the transcripts in the quantification files are present
  in the first column of tx2gene. Check to see that you are using
  the same annotation for both.

Example IDs (file): [ENST00000456328, ENST00000450305, ENST00000488147, ...]

Example IDs (tx2gene): [ENST00000387314.1, ENST00000389680.2, ENST00000387342.1, ...]

  This can sometimes (not always) be fixed using 'ignoreTxVersion' or 'ignoreAfterBar'.

Calls: tximport -> summarizeToGene -> summarizeToGene -> .local
Execution halted
