
The following have been reloaded with a version change:
  1) GLib/2.54.3 => GLib/2.64.1     2) cairo/1.14.12 => cairo/1.16.0


R version 4.1.2 (2021-11-01) -- "Bird Hippie"
Copyright (C) 2021 The R Foundation for Statistical Computing
Platform: x86_64-pc-linux-gnu (64-bit)

R is free software and comes with ABSOLUTELY NO WARRANTY.
You are welcome to redistribute it under certain conditions.
Type 'license()' or 'licence()' for distribution details.

  Natural language support but running in an English locale

R is a collaborative project with many contributors.
Type 'contributors()' for more information and
'citation()' on how to cite R or R packages in publications.

Type 'demo()' for some demos, 'help()' for on-line help, or
'help.start()' for an HTML browser interface to help.
Type 'q()' to quit R.

> .libPaths(c("/hpcfs/users/a1666761/R_Packages", .libPaths()))
> 
> library(edgeR)
Loading required package: limma
> library(readr)
> library(magrittr)
> library(tibble)
> 
> source("/hpcfs/users/a1666761/290921_trophoblast_dtu/scripts/R_code/catchSalmon_new.R")
Error in file(filename, "r", encoding = encoding) : 
  cannot open the connection
Calls: source -> file
In addition: Warning message:
In file(filename, "r", encoding = encoding) :
  cannot open file '/hpcfs/users/a1666761/290921_trophoblast_dtu/scripts/R_code/catchSalmon_new.R': No such file or directory
Execution halted
